// Jest Snapshot v1, https://goo.gl/fbAQLP

exports[`ProjectContainer renders fetched and normalized data 1`] = `
<section
  class="section"
  style="padding-bottom: 12rem;"
>
  <div
    class="columns"
  >
    <div
      class="column"
      style="min-height: 70vh;"
    >
      <h4
        class="title is-4 has-text-centered"
      >
        Pending
      </h4>
    </div>
    <div
      class="column"
      style="min-height: 70vh;"
    >
      <h4
        class="title is-4 has-text-centered"
      >
        Started
      </h4>
    </div>
    <div
      class="column"
      style="min-height: 70vh;"
    >
      <h4
        class="title is-4 has-text-centered"
      >
        Finished
      </h4>
    </div>
    <div
      class="column"
      style="min-height: 70vh;"
    >
      <h4
        class="title is-4 has-text-centered"
      >
        Delivered | Accepted
      </h4>
      <div
        class="card"
        data-current-state="accepted"
        data-story-id="563"
        data-story-type="feature"
        data-url="http://localhost/story/show/563"
        draggable="true"
      >
        <div
          class="card-content"
        >
          <div
            class="subtitle is-4"
          >
            <a
              class="has-text-grey-dark has-hover-underline"
              href="http://localhost/story/show/563"
              rel="noopener noreferrer"
              target="_blank"
            >
              Complete construction of the Expeditionary Battle Planetoid
            </a>
          </div>
          <div
            class="media"
          >
            <div
              class="media-content"
            >
              <div
                class="tags has-addons is-marginless"
              >
                <div
                  class="tag is-primary"
                  data-testid="feature-tag"
                >
                  <span
                    class="icon"
                  >
                    <svg
                      aria-hidden="true"
                      class="svg-inline--fa fa-star fa-w-18 "
                      data-icon="star"
                      data-prefix="fas"
                      focusable="false"
                      role="img"
                      viewBox="0 0 576 512"
                      xmlns="http://www.w3.org/2000/svg"
                    >
                      <path
                        d="M259.3 17.8L194 150.2 47.9 171.5c-26.2 3.8-36.7 36.1-17.7 54.6l105.7 103-25 145.5c-4.5 26.3 23.2 46 46.4 33.7L288 439.6l130.7 68.7c23.2 12.2 50.9-7.4 46.4-33.7l-25-145.5 105.7-103c19-18.5 8.5-50.8-17.7-54.6L382 150.2 316.7 17.8c-11.7-23.6-45.6-23.9-57.4 0z"
                        fill="currentColor"
                      />
                    </svg>
                  </span>
                </div>
                <span
                  class="tag is-dark"
                  data-testid="estimate-tag"
                >
                  3
                </span>
                <div
                  class="tag"
                  data-testid="label-tag"
                >
                  plans
                </div>
              </div>
            </div>
            <div
              class="media-right"
            >
              <div
                class="tags is-marginless"
                data-testid="owners"
              >
                <div
                  class="tag is-rounded"
                >
                  <span
                    class="is-uppercase"
                    title="Wilhuff Tarkin"
                  >
                    WT
                  </span>
                </div>
                <div
                  class="tag is-rounded"
                >
                  <span
                    class="is-uppercase"
                    title="Darth Vader"
                  >
                    DV
                  </span>
                </div>
              </div>
            </div>
          </div>
          <div
            class="content is-small"
            data-testid="story-blockers"
          >
            <hr
              style="margin: 0px 0px 10px;"
            />
            <span
              class="has-text-danger"
            >
              <svg
                aria-hidden="true"
                class="svg-inline--fa fa-ban fa-w-16 fa-1x "
                data-icon="ban"
                data-prefix="fas"
                focusable="false"
                role="img"
                viewBox="0 0 512 512"
                xmlns="http://www.w3.org/2000/svg"
              >
                <path
                  d="M256 8C119.034 8 8 119.033 8 256s111.034 248 248 248 248-111.034 248-248S392.967 8 256 8zm130.108 117.892c65.448 65.448 70 165.481 20.677 235.637L150.47 105.216c70.204-49.356 170.226-44.735 235.638 20.676zM125.892 386.108c-65.448-65.448-70-165.481-20.677-235.637L361.53 406.784c-70.203 49.356-170.226 44.736-235.638-20.676z"
                  fill="currentColor"
                />
              </svg>
               Blockers:
            </span>
            <ul
              style="margin-top: 10px;"
            >
              <li>
                <a
                  class="is-small has-text-grey-dark has-hover-underline"
                  href="https://www.pivotaltracker.com/story/show/Unknown"
                  rel="noopener noreferrer"
                  target="_blank"
                >
                  [Out of current iteration blocker]
                </a>
              </li>
            </ul>
          </div>
        </div>
      </div>
      <div
        class="card"
        data-current-state="accepted"
        data-story-id="564"
        data-story-type="feature"
        data-url="http://localhost/story/show/564"
        draggable="true"
      >
        <div
          class="card-content"
        >
          <div
            class="subtitle is-4"
          >
            <a
              class="has-text-grey-dark has-hover-underline"
              href="http://localhost/story/show/564"
              rel="noopener noreferrer"
              target="_blank"
            >
              Test the Expeditionary Battle Planetoid
            </a>
          </div>
          <div
            class="media"
          >
            <div
              class="media-content"
            >
              <div
                class="tags has-addons is-marginless"
              >
                <div
                  class="tag is-primary"
                  data-testid="feature-tag"
                >
                  <span
                    class="icon"
                  >
                    <svg
                      aria-hidden="true"
                      class="svg-inline--fa fa-star fa-w-18 "
                      data-icon="star"
                      data-prefix="fas"
                      focusable="false"
                      role="img"
                      viewBox="0 0 576 512"
                      xmlns="http://www.w3.org/2000/svg"
                    >
                      <path
                        d="M259.3 17.8L194 150.2 47.9 171.5c-26.2 3.8-36.7 36.1-17.7 54.6l105.7 103-25 145.5c-4.5 26.3 23.2 46 46.4 33.7L288 439.6l130.7 68.7c23.2 12.2 50.9-7.4 46.4-33.7l-25-145.5 105.7-103c19-18.5 8.5-50.8-17.7-54.6L382 150.2 316.7 17.8c-11.7-23.6-45.6-23.9-57.4 0z"
                        fill="currentColor"
                      />
                    </svg>
                  </span>
                </div>
                <span
                  class="tag is-dark"
                  data-testid="estimate-tag"
                >
                  3
                </span>
                <span
                  aria-valuemax="2"
                  aria-valuemin="0"
                  aria-valuenow="1"
                  aria-valuetext="1 of 2 tasks complete."
                  class="tag is-light"
                  data-testid="progress-tag"
                  role="progressbar"
                  style="padding-left: 3px; padding-right: 3px;"
                >
                  <svg
                    height="18"
                    width="18"
                  >
                    <circle
                      cx="9"
                      cy="9"
                      fill="none"
                      r="8.1"
                      stroke="#00d1b2"
                      stroke-width="1"
                    />
                    <path
                      d="M 9 17.1 A 8.1 8.1 0 0 0 9 0.9000000000000004 L 9 9 L 9 17.1 Z"
                      fill="#00d1b2"
                      stroke="#00d1b2"
                      stroke-linecap="round"
                      stroke-width="1"
                    />
                  </svg>
                </span>
                <div
                  class="tag"
                  data-testid="label-tag"
                >
                  plans
                </div>
              </div>
            </div>
            <div
              class="media-right"
            >
              <div
                class="tags is-marginless"
                data-testid="owners"
              >
                <div
                  class="tag is-rounded"
                >
                  <span
                    class="is-uppercase"
                    title="Wilhuff Tarkin"
                  >
                    WT
                  </span>
                </div>
              </div>
            </div>
          </div>
        </div>
      </div>
    </div>
  </div>
</section>
`;
